// Jest Snapshot v1, https://goo.gl/fbAQLP

exports[`Watch renders 1`] = `
<div
  className="watch-grid"
>
  <Video
    id="WMTx590rIMw"
  />
  <VideoMetadata
    className="metadata"
    viewCount={1000}
  />
  <VideoInfoBox
    className="video-info-box"
  />
  <div
    className="comments"
    style={
      Object {
        "background": "#9013FE",
        "height": "100px",
        "width": "100%",
      }
    }
  >
    comments
  </div>
  <RelatedVideos
    className="relatedVideos"
  />
</div>
`;
